// Jest Snapshot v1, https://goo.gl/fbAQLP

exports[`Renders Introduction Component renders correctly 1`] = `
<DocumentFragment>
  <div
    class="text-center mt-5 mb-5"
  >
    <h1
      class="text-white f600"
    >
      The Awesome QA Tool
    </h1>
    <p
      class="text-white"
      data-testid="instruction"
    >
      Here you can find no question. Feel free to create your own questions
    </p>
  </div>
</DocumentFragment>
`;
