// Jest Snapshot v1, https://goo.gl/fbAQLP

exports[`Renders Introduction Component renders correctly 1`] = `
<div
  className="text-center"
>
  <h1
    className="text-white f600"
    data-test="appName"
  >
    The Awesome QA Tool
  </h1>
  <p
    className="text-white"
    data-test="appDescription"
  >
    Here you can find 0 questions. Feel free to create your own questions
  </p>
</div>
`;
